,src,dst,p_level,p_trend
0,wm/process/population/death,wm/process/conflict/attack,0.01,0.01
