,src,dst,p_level,p_trend
0,wm/process/population/death,wm/process/conflict/attack,23.527428837531875,0.0
